// Jest Snapshot v1, https://goo.gl/fbAQLP

exports[`NotificationsRoot useContainer hook should match snapshot 1`] = `
{
  "hideNotification": [Function],
  "notifications": [
    {
      "duration": 2.5,
      "id": "nanoid",
      "messageText": "test/message",
      "messageType": "success",
    },
  ],
}
`;
