// Jest Snapshot v1, https://goo.gl/fbAQLP

exports[`DefaultLayout component should match snapshot 1`] = `
<DocumentFragment>
  <div
    class="ant-layout css-dev-only-do-not-override-1c0na6j"
  >
    <header
      class="ant-layout-header css-dev-only-do-not-override-1c0na6j"
    >
      <div
        class="ant-row ant-row-space-between css-dev-only-do-not-override-1c0na6j"
      >
        <div
          class="ant-col css-dev-only-do-not-override-1c0na6j"
        >
          <a
            class="logo text-white"
            href="/"
          >
            The Movie DB
          </a>
        </div>
        <div
          class="ant-col css-dev-only-do-not-override-1c0na6j"
        >
          <span
            class="ant-typography ant-dropdown-trigger css-dev-only-do-not-override-1c0na6j"
          >
            <span
              class="ant-avatar ant-avatar-circle ant-avatar-image css-dev-only-do-not-override-1c0na6j"
            >
              <img
                alt="User avatar"
                src="https://www.gravatar.com/avatar/image"
              />
            </span>
             
            <span
              class="hide-sm-down"
            >
              test/username
            </span>
             
            <span
              aria-label="caret-down"
              class="anticon anticon-caret-down"
              role="img"
            >
              <svg
                aria-hidden="true"
                data-icon="caret-down"
                fill="currentColor"
                focusable="false"
                height="1em"
                viewBox="0 0 1024 1024"
                width="1em"
              >
                <path
                  d="M840.4 300H183.6c-19.7 0-30.7 20.8-18.5 35l328.4 380.8c9.4 10.9 27.5 10.9 37 0L858.9 335c12.2-14.2 1.2-35-18.5-35z"
                />
              </svg>
            </span>
          </span>
        </div>
      </div>
    </header>
    <main
      class="ant-layout-content css-dev-only-do-not-override-1c0na6j"
    />
    <footer
      class="ant-layout-footer css-dev-only-do-not-override-1c0na6j"
    >
      <span
        style="opacity: 0.8;"
      >
        Made with ‚ù§ by 
        <a
          class="ant-typography css-dev-only-do-not-override-1c0na6j"
          href="https://github.com/insanetim/the-movie-db"
          rel="noreferrer"
          target="_blank"
        >
          insanetim
        </a>
      </span>
    </footer>
  </div>
</DocumentFragment>
`;
