// Jest Snapshot v1, https://goo.gl/fbAQLP

exports[`KnownFor component should match snapshot 1`] = `
<DocumentFragment>
  <div
    class="ant-col ant-col-24 top-margin css-dev-only-do-not-override-1uq9j6g"
  >
    <h2
      class="ant-typography css-dev-only-do-not-override-1uq9j6g"
    >
      Known For
    </h2>
  </div>
  <div
    class="ant-col ant-col-24 css-dev-only-do-not-override-1uq9j6g"
  >
    <div
      class="ant-row css-dev-only-do-not-override-1uq9j6g"
      style="margin-left: -12px; margin-right: -12px; row-gap: 16px;"
    >
      <div
        class="ant-col ant-col-24 ant-col-sm-12 ant-col-md-8 ant-col-lg-8 ant-col-xl-6 css-dev-only-do-not-override-1uq9j6g"
        style="padding-left: 12px; padding-right: 12px;"
      >
        <div
          class="ant-card ant-card-bordered ant-card-hoverable css-dev-only-do-not-override-1uq9j6g"
          data-testid="movieItemCard"
        >
          <div
            class="ant-card-cover"
          >
            <img
              alt="The Matrix"
              height="750"
              loading="lazy"
              src="https://image.tmdb.org/t/p/w500/image"
              width="500"
            />
          </div>
          <div
            class="ant-card-body"
          >
            <div
              class="ant-card-meta"
            >
              <div
                class="ant-card-meta-detail"
              >
                <div
                  class="ant-card-meta-title"
                >
                  The Matrix
                </div>
              </div>
            </div>
          </div>
        </div>
      </div>
      <div
        class="ant-col ant-col-24 ant-col-sm-12 ant-col-md-8 ant-col-lg-8 ant-col-xl-6 css-dev-only-do-not-override-1uq9j6g"
        style="padding-left: 12px; padding-right: 12px;"
      >
        <div
          class="ant-card ant-card-bordered ant-card-hoverable css-dev-only-do-not-override-1uq9j6g"
          data-testid="movieItemCard"
        >
          <div
            class="ant-card-cover"
          >
            <img
              alt="The Matrix Reloaded"
              height="750"
              loading="lazy"
              src="https://image.tmdb.org/t/p/w500/image"
              width="500"
            />
          </div>
          <div
            class="ant-card-body"
          >
            <div
              class="ant-card-meta"
            >
              <div
                class="ant-card-meta-detail"
              >
                <div
                  class="ant-card-meta-title"
                >
                  The Matrix Reloaded
                </div>
              </div>
            </div>
          </div>
        </div>
      </div>
    </div>
  </div>
</DocumentFragment>
`;
