// Jest Snapshot v1, https://goo.gl/fbAQLP

exports[`mockWrapper component matches snapshot 1`] = `
<DocumentFragment>
  <div>
    test/children
  </div>
</DocumentFragment>
`;
