// Jest Snapshot v1, https://jestjs.io/docs/snapshot-testing

exports[`App component should match snapshot 1`] = `<DocumentFragment />`;
