// Jest Snapshot v1, https://goo.gl/fbAQLP

exports[`MovieDetails useContainer hook should match snapshot 1`] = `
{
  "error": null,
  "handleFavoriteClick": [Function],
  "handleGoToCast": [Function],
  "handleWatchlistClick": [Function],
  "loading": false,
  "movie": {
    "account_states": {
      "favorite": false,
      "watchlist": false,
    },
    "budget": 1000000,
    "credits": {
      "cast": [
        {
          "character": "test/character",
          "credit_id": "1234",
          "id": 1234,
          "name": "test/name",
          "profile_path": "/image",
        },
      ],
      "crew": [
        {
          "credit_id": "1234",
          "department": "test/department",
          "id": 1234,
          "job": "test/job",
          "name": "test/name",
          "profile_path": "/image",
        },
      ],
    },
    "genres": [
      {
        "id": 1,
        "name": "test/genre",
      },
    ],
    "id": 1234,
    "images": {
      "backdrops": [
        {
          "file_path": "/image",
        },
      ],
      "logos": [
        {
          "file_path": "/image",
        },
      ],
      "posters": [
        {
          "file_path": "/image",
        },
      ],
    },
    "original_language": "en",
    "overview": "test/overview",
    "poster_path": "/image",
    "release_date": "01-01-1999",
    "revenue": 3000000,
    "runtime": 150,
    "status": "test/status",
    "title": "test/title",
  },
  "popoverOpen": false,
  "setPopoverOpen": [Function],
}
`;

exports[`MovieDetails useContainer hook should match snapshot without params 1`] = `
{
  "error": null,
  "handleFavoriteClick": [Function],
  "handleGoToCast": [Function],
  "handleWatchlistClick": [Function],
  "loading": false,
  "movie": {
    "account_states": {
      "favorite": false,
      "watchlist": false,
    },
    "budget": 1000000,
    "credits": {
      "cast": [
        {
          "character": "test/character",
          "credit_id": "1234",
          "id": 1234,
          "name": "test/name",
          "profile_path": "/image",
        },
      ],
      "crew": [
        {
          "credit_id": "1234",
          "department": "test/department",
          "id": 1234,
          "job": "test/job",
          "name": "test/name",
          "profile_path": "/image",
        },
      ],
    },
    "genres": [
      {
        "id": 1,
        "name": "test/genre",
      },
    ],
    "id": 1234,
    "images": {
      "backdrops": [
        {
          "file_path": "/image",
        },
      ],
      "logos": [
        {
          "file_path": "/image",
        },
      ],
      "posters": [
        {
          "file_path": "/image",
        },
      ],
    },
    "original_language": "en",
    "overview": "test/overview",
    "poster_path": "/image",
    "release_date": "01-01-1999",
    "revenue": 3000000,
    "runtime": 150,
    "status": "test/status",
    "title": "test/title",
  },
  "popoverOpen": false,
  "setPopoverOpen": [Function],
}
`;
