// Jest Snapshot v1, https://goo.gl/fbAQLP

exports[`ModalCreateList useContainer hook should match snapshot 1`] = `
{
  "handleAfterClose": [Function],
  "handleAfterOpenChange": [Function],
  "handleOk": [Function],
  "handleSubmit": [Function],
  "inputRef": {
    "current": null,
  },
}
`;
