// Jest Snapshot v1, https://goo.gl/fbAQLP

exports[`ListDetail useContainer hook should match snapshot 1`] = `
{
  "error": null,
  "handleListDelete": [Function],
  "handleMovieDelete": [Function],
  "handlePagination": [Function],
  "list": null,
  "loading": true,
}
`;

exports[`ListDetail useContainer hook should match snapshot without params 1`] = `
{
  "error": null,
  "handleListDelete": [Function],
  "handleMovieDelete": [Function],
  "handlePagination": [Function],
  "list": null,
  "loading": true,
}
`;
