// Jest Snapshot v1, https://goo.gl/fbAQLP

exports[`ListDetail useContainer hook matches snapshot 1`] = `
{
  "error": null,
  "handleListDelete": [Function],
  "handleMovieDelete": [Function],
  "list": {},
  "loading": true,
}
`;
