// Jest Snapshot v1, https://goo.gl/fbAQLP

exports[`Dashboard useContainer hook should match snapshot 1`] = `
{
  "query": "",
}
`;
