// Jest Snapshot v1, https://goo.gl/fbAQLP

exports[`Lists useContainer hook should match snapshot 1`] = `
{
  "error": null,
  "handleCreateList": [Function],
  "handlePagination": [Function],
  "lists": null,
  "loading": true,
}
`;
