// Jest Snapshot v1, https://goo.gl/fbAQLP

exports[`NotFound component matches snapshot 1`] = `
<DocumentFragment>
  <div
    class="container"
  >
    <div
      class="ant-row ant-row-center css-dev-only-do-not-override-nnuwmp"
    >
      <div
        class="ant-col ant-col-24 ant-col-md-22 ant-col-xl-20 css-dev-only-do-not-override-nnuwmp"
      >
        <h2
          class="ant-typography error-title css-dev-only-do-not-override-nnuwmp"
        >
          Oops! We can't find the page you're looking for.
        </h2>
      </div>
      <div
        class="ant-col ant-col-24 ant-col-md-22 ant-col-xl-20 css-dev-only-do-not-override-nnuwmp"
      >
        <div
          class="ant-typography css-dev-only-do-not-override-nnuwmp"
        >
          Please check that the Web site address is spelled correctly or go to 
          <a
            href="/"
          >
            home page
          </a>
          .
        </div>
      </div>
    </div>
  </div>
</DocumentFragment>
`;
