// Jest Snapshot v1, https://goo.gl/fbAQLP

exports[`ProtectedRoutes useContainer hook should match snapshot 1`] = `
{
  "location": {},
  "sessionId": "test/sessionId",
}
`;
