// Jest Snapshot v1, https://goo.gl/fbAQLP

exports[`tmdbClient should match snapshot 1`] = `[Function]`;
