// Jest Snapshot v1, https://goo.gl/fbAQLP

exports[`Watchlist useContainer hook matches snapshot 1`] = `
{
  "error": null,
  "handleMovieDelete": [Function],
  "handlePagination": [Function],
  "loading": true,
  "movies": null,
}
`;
