// Jest Snapshot v1, https://goo.gl/fbAQLP

exports[`CrewList component should match snapshot 1`] = `
<DocumentFragment>
  <div
    class="ant-col ant-col-24 css-dev-only-do-not-override-6j9yrn"
  >
    <h3
      class="ant-typography css-dev-only-do-not-override-6j9yrn"
    >
      Crew
    </h3>
  </div>
  <div
    class="ant-col ant-col-24 css-dev-only-do-not-override-6j9yrn"
  >
    <div
      class="ant-row css-dev-only-do-not-override-6j9yrn"
      style="margin-left: -12px; margin-right: -12px; row-gap: 16px;"
    >
      <div
        class="ant-col ant-col-24 ant-col-sm-12 ant-col-md-8 ant-col-lg-8 ant-col-xl-6 css-dev-only-do-not-override-6j9yrn"
        style="padding-left: 12px; padding-right: 12px;"
      >
        <div
          class="ant-card ant-card-bordered css-dev-only-do-not-override-6j9yrn"
        >
          <div
            class="ant-card-cover"
          >
            <img
              alt="test/name"
              src="https://image.tmdb.org/t/p/w500/image"
            />
          </div>
          <div
            class="ant-card-body"
          >
            <div
              class="ant-card-meta"
            >
              <div
                class="ant-card-meta-detail"
              >
                <div
                  class="ant-card-meta-title"
                >
                  test/name
                </div>
                <div
                  class="ant-card-meta-description"
                >
                  test/job
                </div>
              </div>
            </div>
          </div>
        </div>
      </div>
    </div>
  </div>
</DocumentFragment>
`;
