// Jest Snapshot v1, https://goo.gl/fbAQLP

exports[`useUpdatePage matches snapshot 1`] = `
{
  "updatePage": [Function],
}
`;
